---
source: src/history.rs
expression: "serde_json::to_string_pretty(&serialized).unwrap()"
---
{
  "nodes": {
    "4d6bc93965c1357": {
      "value": [
        1,
        20
      ],
      "incoming": [
        [
          "517cc1b727220a95",
          10
        ]
      ]
    },
    "517cc1b727220a95": {
      "value": [
        1,
        10
      ],
      "incoming": []
    },
    "9c8b5ce5aea2ba5a": {
      "value": [
        2,
        30
      ],
      "incoming": [
        [
          "4d6bc93965c1357",
          20
        ]
      ]
    },
    "ee081e9cd5c4c4ef": {
      "value": [
        3,
        35
      ],
      "incoming": [
        [
          "4d6bc93965c1357",
          20
        ]
      ]
    }
  },
  "resolver_id": {
    "id": "test_resolver",
    "_marker": null
  }
}
