---
source: src/history.rs
expression: serialized
---
nodes:
  - idx: 1
    version: 1
  - idx: 2
    version: 1
  - idx: 3
    version: 1
  - idx: 4
    version: 1
  - idx: 5
    version: 1
  - idx: 6
    version: 1
registry:
  nodes:
    - value: ~
      version: 0
    - value:
        value:
          - 1
          - 10
        incoming: []
      version: 1
    - value:
        value:
          - 1
          - 20
        incoming:
          - - idx: 1
              version: 1
            - 10
      version: 1
    - value:
        value:
          - 2
          - 30
        incoming:
          - - idx: 2
              version: 1
            - 20
      version: 1
    - value:
        value:
          - 1
          - 15
        incoming: []
      version: 1
    - value:
        value:
          - 1
          - 25
        incoming:
          - - idx: 4
              version: 1
            - 15
      version: 1
    - value:
        value:
          - 3
          - 35
        incoming:
          - - idx: 5
              version: 1
            - 25
      version: 1
